Archive member included because of file (symbol)

C:/NXP/S32DS_ARM_v2.0/S32DS/arm_ewl2/lib/armv7e-m\libc99.a(exit.o)
                              C:/NXP/S32DS_ARM_v2.0/S32DS/arm_ewl2/lib/armv7e-m/__arm_start.o (exit)
C:/NXP/S32DS_ARM_v2.0/S32DS/arm_ewl2/lib/armv7e-m\libc99.a(memset.o)
                              C:/NXP/S32DS_ARM_v2.0/S32DS/arm_ewl2/lib/armv7e-m/__arm_start.o (memset)
C:/NXP/S32DS_ARM_v2.0/S32DS/arm_ewl2/lib/armv7e-m\libc99.a(__filll_mem.o)
                              C:/NXP/S32DS_ARM_v2.0/S32DS/arm_ewl2/lib/armv7e-m\libc99.a(memset.o) (__fill_mem)
C:/NXP/S32DS_ARM_v2.0/S32DS/arm_ewl2/lib/armv7e-m\librt.a(gcc_ctor_dtor.o)
                              C:/NXP/S32DS_ARM_v2.0/S32DS/arm_ewl2/lib/armv7e-m/__arm_start.o (__init_cpp)
C:/NXP/S32DS_ARM_v2.0/S32DS/arm_ewl2/lib/armv7e-m\librt.a(__arm_eabi_init.o)
                              C:/NXP/S32DS_ARM_v2.0/S32DS/arm_ewl2/lib/armv7e-m\libc99.a(exit.o) (__destroy_global_chain)
C:/NXP/S32DS_ARM_v2.0/S32DS/arm_ewl2/lib/armv7e-m\librt.a(ROMCopy.o)
                              C:/NXP/S32DS_ARM_v2.0/S32DS/arm_ewl2/lib/armv7e-m/__arm_start.o (__copy_rom_sections_to_ram)

Allocating common symbols
Common symbol       size              file

g_xtal0ClkFreq      0x4               ./SDK/platform/drivers/src/clock/S32K1xx/clock_S32K1xx.o
g_RtcClkInFreq      0x4               ./SDK/platform/drivers/src/clock/S32K1xx/clock_S32K1xx.o
g_TClkFreq          0xc               ./SDK/platform/drivers/src/clock/S32K1xx/clock_S32K1xx.o

Discarded input sections

 .text          0x00000000        0x0 C:/NXP/S32DS_ARM_v2.0/S32DS/arm_ewl2/lib/armv7e-m/__arm_start.o
 .data          0x00000000        0x0 C:/NXP/S32DS_ARM_v2.0/S32DS/arm_ewl2/lib/armv7e-m/__arm_start.o
 .bss           0x00000000        0x0 C:/NXP/S32DS_ARM_v2.0/S32DS/arm_ewl2/lib/armv7e-m/__arm_start.o
 .text.__thumb_startup
                0x00000000       0x3c C:/NXP/S32DS_ARM_v2.0/S32DS/arm_ewl2/lib/armv7e-m/__arm_start.o
 .text.__iar_program_start
                0x00000000        0x4 C:/NXP/S32DS_ARM_v2.0/S32DS/arm_ewl2/lib/armv7e-m/__arm_start.o
 .bss.argv      0x00000000        0x4 C:/NXP/S32DS_ARM_v2.0/S32DS/arm_ewl2/lib/armv7e-m/__arm_start.o
 .debug_info    0x00000000      0x144 C:/NXP/S32DS_ARM_v2.0/S32DS/arm_ewl2/lib/armv7e-m/__arm_start.o
 .debug_abbrev  0x00000000       0xc0 C:/NXP/S32DS_ARM_v2.0/S32DS/arm_ewl2/lib/armv7e-m/__arm_start.o
 .debug_aranges
                0x00000000       0x28 C:/NXP/S32DS_ARM_v2.0/S32DS/arm_ewl2/lib/armv7e-m/__arm_start.o
 .debug_line    0x00000000       0x68 C:/NXP/S32DS_ARM_v2.0/S32DS/arm_ewl2/lib/armv7e-m/__arm_start.o
 .debug_str     0x00000000      0x270 C:/NXP/S32DS_ARM_v2.0/S32DS/arm_ewl2/lib/armv7e-m/__arm_start.o
 .comment       0x00000000       0x71 C:/NXP/S32DS_ARM_v2.0/S32DS/arm_ewl2/lib/armv7e-m/__arm_start.o
 .debug_frame   0x00000000       0x30 C:/NXP/S32DS_ARM_v2.0/S32DS/arm_ewl2/lib/armv7e-m/__arm_start.o
 .ARM.attributes
                0x00000000       0x33 C:/NXP/S32DS_ARM_v2.0/S32DS/arm_ewl2/lib/armv7e-m/__arm_start.o
 .group         0x00000000        0x8 ./Sources/main.o
 .group         0x00000000        0x8 ./Sources/main.o
 .group         0x00000000        0x8 ./Sources/main.o
 .group         0x00000000        0x8 ./Sources/main.o
 .group         0x00000000        0x8 ./Sources/main.o
 .group         0x00000000        0x8 ./Sources/main.o
 .group         0x00000000        0x8 ./Sources/main.o
 .group         0x00000000        0x8 ./Sources/main.o
 .group         0x00000000        0x8 ./Sources/main.o
 .group         0x00000000        0x8 ./Sources/main.o
 .group         0x00000000        0x8 ./Sources/main.o
 .group         0x00000000        0x8 ./Sources/main.o
 .group         0x00000000        0x8 ./Sources/main.o
 .group         0x00000000        0x8 ./Sources/main.o
 .group         0x00000000        0x8 ./Sources/main.o
 .group         0x00000000        0x8 ./Sources/main.o
 .group         0x00000000        0x8 ./Sources/main.o
 .group         0x00000000        0x8 ./Sources/main.o
 .group         0x00000000        0x8 ./Sources/main.o
 .group         0x00000000        0x8 ./Sources/main.o
 .group         0x00000000        0x8 ./Sources/main.o
 .group         0x00000000        0x8 ./Sources/main.o
 .group         0x00000000        0x8 ./Sources/main.o
 .group         0x00000000        0x8 ./Sources/main.o
 .text          0x00000000        0x0 ./Sources/main.o
 .data          0x00000000        0x0 ./Sources/main.o
 .bss           0x00000000        0x0 ./Sources/main.o
 .bss.exit_code
                0x00000000        0x4 ./Sources/main.o
 .group         0x00000000        0x8 ./SDK/platform/drivers/src/pins/pins_port_hw_access.o
 .group         0x00000000        0x8 ./SDK/platform/drivers/src/pins/pins_port_hw_access.o
 .group         0x00000000        0x8 ./SDK/platform/drivers/src/pins/pins_port_hw_access.o
 .group         0x00000000        0x8 ./SDK/platform/drivers/src/pins/pins_port_hw_access.o
[...]
Memory Configuration

Name             Origin             Length             Attributes
m_interrupts     0x1fff8000         0x00000400         xr
m_text           0x1fff8400         0x00007c00         xr
m_data           0x20000000         0x00007000         rw
*default*        0x00000000         0xffffffff

Linker script and memory map

LOAD C:/NXP/S32DS_ARM_v2.0/S32DS/arm_ewl2/lib/armv7e-m/__arm_start.o
LOAD ./Sources/main.o
LOAD ./SDK/platform/drivers/src/pins/pins_port_hw_access.o
LOAD ./SDK/platform/drivers/src/pins/pins_driver.o
LOAD ./SDK/platform/drivers/src/interrupt/interrupt_manager.o
LOAD ./SDK/platform/drivers/src/clock/clock_manager.o
LOAD ./SDK/platform/drivers/src/clock/S32K1xx/clock_S32K1xx.o
LOAD ./SDK/platform/devices/startup.o
LOAD ./SDK/platform/devices/S32K144/startup/system_S32K144.o
LOAD ./Project_Settings/Startup_Code/startup_S32K144.o
LOAD ./Generated_Code/pin_mux.o
LOAD ./Generated_Code/clocks.o
LOAD ./Generated_Code/clockMan1.o
LOAD ./Generated_Code/Cpu.o
START GROUP
LOAD C:/NXP/S32DS_ARM_v2.0/S32DS/arm_ewl2/lib/armv7e-m\libc99.a
LOAD C:/NXP/S32DS_ARM_v2.0/S32DS/arm_ewl2/lib/armv7e-m\libm.a
LOAD c:/nxp/s32ds_arm_v2.0/cross_tools/gcc-arm-none-eabi-4_9/bin/../lib/gcc/arm-none-eabi/4.9.3/armv7e-m\libgcc.a
LOAD C:/NXP/S32DS_ARM_v2.0/S32DS/arm_ewl2/lib/armv7e-m\librt.a
END GROUP
LOAD C:/NXP/S32DS_ARM_v2.0/S32DS/arm_ewl2/lib/armv7e-m/__arm_end.o
                0x00000400                HEAP_SIZE = DEFINED (__heap_size__)?__heap_size__:0x400
                0x00000400                STACK_SIZE = DEFINED (__stack_size__)?__stack_size__:0x400

.interrupts     0x1fff8000      0x400
                0x1fff8000                __VECTOR_TABLE = .
                0x1fff8000                . = ALIGN (0x4)
 *(.isr_vector)
 .isr_vector    0x1fff8000      0x400 ./Project_Settings/Startup_Code/startup_S32K144.o
                0x1fff8000                __isr_vector
                0x1fff8400                . = ALIGN (0x4)
                0x1fff8000                __VECTOR_RAM = __VECTOR_TABLE
                0x00000000                __RAM_VECTOR_TABLE_SIZE = 0x0

.text           0x1fff8400      0x72c
                0x1fff8400                . = ALIGN (0x4)
 *(.text)
 .text          0x1fff8400       0x44 ./Project_Settings/Startup_Code/startup_S32K144.o
                0x1fff8400                Reset_Handler
                0x1fff8440                DebugMon_Handler
                0x1fff8440                Reserved88_IRQHandler
                0x1fff8440                CAN0_ORed_IRQHandler
                0x1fff8440                HardFault_Handler
                0x1fff8440                Reserved86_IRQHandler
                0x1fff8440                Reserved103_IRQHandler
                0x1fff8440                SysTick_Handler
                0x1fff8440                FTM2_Ovf_Reload_IRQHandler
                0x1fff8440                Reserved50_IRQHandler
                0x1fff8440                FTFC_Fault_IRQHandler
                0x1fff8440                FTM0_Ch6_Ch7_IRQHandler
                0x1fff8440                Reserved114_IRQHandler
                0x1fff8440                PendSV_Handler
                0x1fff8440                NMI_Handler
                0x1fff8440                Reserved89_IRQHandler
                0x1fff8440                ERM_double_fault_IRQHandler
                0x1fff8440                DMA2_IRQHandler
                0x1fff8440                Reserved59_IRQHandler
                0x1fff8440                LPIT0_Ch0_IRQHandler
                0x1fff8440                Reserved99_IRQHandler
                0x1fff8440                FTM3_Ch6_Ch7_IRQHandler
                0x1fff8440                CAN2_ORed_0_15_MB_IRQHandler
                0x1fff8440                LPIT0_Ch3_IRQHandler
                0x1fff8440                Reserved92_IRQHandler
                0x1fff8440                FTM0_Ch4_Ch5_IRQHandler
                0x1fff8440                CAN1_Error_IRQHandler
                0x1fff8440                FTM3_Ch0_Ch1_IRQHandler
                0x1fff8440                SWI_IRQHandler
                0x1fff8440                ADC0_IRQHandler
                0x1fff8440                FTM2_Ch4_Ch5_IRQHandler
                0x1fff8440                UsageFault_Handler
                0x1fff8440                FTM0_Ovf_Reload_IRQHandler
                0x1fff8440                DefaultISR
                0x1fff8440                DMA9_IRQHandler
                0x1fff8440                Reserved58_IRQHandler
                0x1fff8440                CAN1_ORed_0_15_MB_IRQHandler
                0x1fff8440                FTM1_Ch2_Ch3_IRQHandler
                0x1fff8440                DMA14_IRQHandler
                0x1fff8440                Reserved82_IRQHandler
                0x1fff8440                CAN0_ORed_16_31_MB_IRQHandler
                0x1fff8440                LPI2C0_Slave_IRQHandler
                0x1fff8440                Reserved71_IRQHandler
                0x1fff8440                PORTD_IRQHandler
                0x1fff8440                Reserved69_IRQHandler
                0x1fff8440                PORTB_IRQHandler
                0x1fff8440                Reserved70_IRQHandler
                0x1fff8440                ADC1_IRQHandler
                0x1fff8440                FTM2_Ch2_Ch3_IRQHandler
                0x1fff8440                Reserved53_IRQHandler
                0x1fff8440                DMA5_IRQHandler
                0x1fff8440                RTC_IRQHandler
                0x1fff8440                PDB0_IRQHandler
                0x1fff8440                Reserved54_IRQHandler
                0x1fff8440                FTM2_Ch6_Ch7_IRQHandler
                0x1fff8440                FTM3_Ch2_Ch3_IRQHandler
                0x1fff8440                FTM2_Ch0_Ch1_IRQHandler
                0x1fff8440                LPSPI1_IRQHandler
                0x1fff8440                LPUART1_RxTx_IRQHandler
                0x1fff8440                RTC_Seconds_IRQHandler
                0x1fff8440                CAN2_ORed_IRQHandler
                0x1fff8440                Reserved72_IRQHandler
                0x1fff8440                Reserved110_IRQHandler
                0x1fff8440                DMA11_IRQHandler
                0x1fff8440                Reserved107_IRQHandler
                0x1fff8440                Read_Collision_IRQHandler
                0x1fff8440                CAN2_Error_IRQHandler
                0x1fff8440                FTFC_IRQHandler
                0x1fff8440                DMA7_IRQHandler
                0x1fff8440                FTM1_Ch6_Ch7_IRQHandler
                0x1fff8440                Reserved105_IRQHandler
                0x1fff8440                LPIT0_Ch1_IRQHandler
                0x1fff8440                FTM1_Ch4_Ch5_IRQHandler
                0x1fff8440                FTM3_Ovf_Reload_IRQHandler
                0x1fff8440                LPUART2_RxTx_IRQHandler
                0x1fff8440                LPSPI0_IRQHandler
                0x1fff8440                WDOG_EWM_IRQHandler
                0x1fff8440                MemManage_Handler
                0x1fff8440                Reserved90_IRQHandler
                0x1fff8440                Reserved83_IRQHandler
                0x1fff8440                FTM0_Fault_IRQHandler
                0x1fff8440                Reserved48_IRQHandler
                0x1fff8440                SVC_Handler
                0x1fff8440                ERM_single_fault_IRQHandler
                0x1fff8440                FTM2_Fault_IRQHandler
                0x1fff8440                FTM0_Ch2_Ch3_IRQHandler
                0x1fff8440                DMA13_IRQHandler
                0x1fff8440                FTM0_Ch0_Ch1_IRQHandler
                0x1fff8440                FTM3_Fault_IRQHandler
                0x1fff8440                RCM_IRQHandler
                0x1fff8440                DMA3_IRQHandler
                0x1fff8440                Reserved100_IRQHandler
                0x1fff8440                DMA0_IRQHandler
                0x1fff8440                Reserved91_IRQHandler
                0x1fff8440                CAN1_ORed_IRQHandler
                0x1fff8440                DMA15_IRQHandler
                0x1fff8440                SCG_IRQHandler
                0x1fff8440                PDB1_IRQHandler
                0x1fff8440                Reserved81_IRQHandler
                0x1fff8440                Reserved46_IRQHandler
                0x1fff8440                Reserved45_IRQHandler
                0x1fff8440                CAN0_Error_IRQHandler
                0x1fff8440                Reserved112_IRQHandler
                0x1fff8440                LPI2C0_Master_IRQHandler
                0x1fff8440                DMA4_IRQHandler
                0x1fff8440                FTM1_Fault_IRQHandler
                0x1fff8440                Reserved106_IRQHandler
                0x1fff8440                DMA_Error_IRQHandler
                0x1fff8440                LVD_LVW_IRQHandler
                0x1fff8440                LPIT0_Ch2_IRQHandler
                0x1fff8440                PORTA_IRQHandler
                0x1fff8440                MCM_IRQHandler
                0x1fff8440                LPSPI2_IRQHandler
                0x1fff8440                DMA12_IRQHandler
                0x1fff8440                FTM3_Ch4_Ch5_IRQHandler
                0x1fff8440                CAN0_ORed_0_15_MB_IRQHandler
                0x1fff8440                PORTE_IRQHandler
                0x1fff8440                LPUART0_RxTx_IRQHandler
                0x1fff8440                LPTMR0_IRQHandler
                0x1fff8440                BusFault_Handler
                0x1fff8440                Reserved87_IRQHandler
                0x1fff8440                FTM1_Ovf_Reload_IRQHandler
                0x1fff8440                DMA8_IRQHandler
                0x1fff8440                Reserved93_IRQHandler
                0x1fff8440                DMA10_IRQHandler
                0x1fff8440                CAN0_Wake_Up_IRQHandler
                0x1fff8440                CMP0_IRQHandler
                0x1fff8440                Reserved52_IRQHandler
                0x1fff8440                PORTC_IRQHandler
                0x1fff8440                DMA6_IRQHandler
                0x1fff8440                FTM1_Ch0_Ch1_IRQHandler
                0x1fff8440                FLEXIO_IRQHandler
                0x1fff8440                DMA1_IRQHandler
                0x1fff8440                Reserved113_IRQHandler
 *(.text*)
 .text.main     0x1fff8444      0x2f4 ./Sources/main.o
                0x1fff8444                main
 .text.PORT_init
                0x1fff8738      0x184 ./Sources/main.o
                0x1fff8738                PORT_init
 .text.LPIT0_init
                0x1fff88bc       0x44 ./Sources/main.o
                0x1fff88bc                LPIT0_init
 .text.WDOG_disable
                0x1fff8900       0x2c ./Sources/main.o
                0x1fff8900                WDOG_disable
 .text.init_data_bss
                0x1fff892c       0xf4 ./SDK/platform/devices/startup.o
                0x1fff892c                init_data_bss
 .text.SystemInit
                0x1fff8a20       0x30 ./SDK/platform/devices/S32K144/startup/system_S32K144.o
                0x1fff8a20                SystemInit
 .text.SOSC_init_8MHz
                0x1fff8a50       0x4c ./Generated_Code/clocks.o
                0x1fff8a50                SOSC_init_8MHz
 .text.SPLL_init_160MHz
                0x1fff8a9c       0x64 ./Generated_Code/clocks.o
                0x1fff8a9c                SPLL_init_160MHz
 .text.NormalRUNmode_80MHz
                0x1fff8b00       0x2c ./Generated_Code/clocks.o
                0x1fff8b00                NormalRUNmode_80MHz
 *(.rodata)
 *(.rodata*)
 *(.glue_7)
 .glue_7        0x00000000        0x0 linker stubs
 *(.glue_7t)
 .glue_7t       0x00000000        0x0 linker stubs
 *(.eh_frame)
 *(.init)
 *(.fini)
                0x1fff8b2c                . = ALIGN (0x4)

.vfp11_veneer   0x1fff8b2c        0x0
 .vfp11_veneer  0x00000000        0x0 linker stubs

.v4_bx          0x1fff8b2c        0x0
 .v4_bx         0x00000000        0x0 linker stubs

.iplt           0x1fff8b2c        0x0
 .iplt          0x00000000        0x0 C:/NXP/S32DS_ARM_v2.0/S32DS/arm_ewl2/lib/armv7e-m/__arm_start.o

.rel.dyn        0x1fff8b2c        0x0
 .rel.iplt      0x00000000        0x0 C:/NXP/S32DS_ARM_v2.0/S32DS/arm_ewl2/lib/armv7e-m/__arm_start.o

.code_ram       0x1fff8b2c        0x0
                0x1fff8b2c                . = ALIGN (0x4)
                0x1fff8b2c                __CODE_RAM = .
 *(.code_ram)
                0x1fff8b2c                __CODE_ROM = .
                0x1fff8b2c                __CODE_END = .
                0x1fff8b2c                . = ALIGN (0x4)

.ARM.extab
 *(.ARM.extab* .gnu.linkonce.armextab.*)

.ARM            0x1fff8b2c        0x0
                0x1fff8b2c                __exidx_start = .
 *(.ARM.exidx*)
                0x1fff8b2c                __exidx_end = .

.ctors          0x1fff8b2c        0x0
                0x1fff8b2c                __CTOR_LIST__ = .
 *crtbegin.o(.ctors)
 *crtbegin?.o(.ctors)
 *(EXCLUDE_FILE(*crtend.o *crtend?.o) .ctors)
 *(SORT(.ctors.*))
 *(.ctors)
                0x1fff8b2c                __CTOR_END__ = .

.dtors          0x1fff8b2c        0x0
                0x1fff8b2c                __DTOR_LIST__ = .
 *crtbegin.o(.dtors)
 *crtbegin?.o(.dtors)
 *(EXCLUDE_FILE(*crtend.o *crtend?.o) .dtors)
 *(SORT(.dtors.*))
 *(.dtors)
                0x1fff8b2c                __DTOR_END__ = .

.preinit_array  0x1fff8b2c        0x0
                0x1fff8b2c                PROVIDE (__preinit_array_start, .)
 *(.preinit_array*)
                0x1fff8b2c                PROVIDE (__preinit_array_end, .)

.init_array     0x1fff8b2c        0x0
                0x1fff8b2c                PROVIDE (__init_array_start, .)
 *(SORT(.init_array.*))
 *(.init_array*)
                0x1fff8b2c                PROVIDE (__init_array_end, .)

.fini_array     0x1fff8b2c        0x0
                0x1fff8b2c                PROVIDE (__fini_array_start, .)
 *(SORT(.fini_array.*))
 *(.fini_array*)
                0x1fff8b2c                PROVIDE (__fini_array_end, .)
                0x1fff8b2c                __etext = .
                0x1fff8b2c                __DATA_ROM = .
                0x1fff8b2c                __DATA_END = __DATA_ROM

.customSectionBlock
 *(.customSection)

.data           0x20000000        0x0
                0x20000000                . = ALIGN (0x4)
                0x20000000                __DATA_RAM = .
                0x20000000                __data_start__ = .
 *(.data)
 *(.data*)
 *(.jcr*)
                0x20000000                . = ALIGN (0x4)
                0x20000000                __data_end__ = .

.igot.plt       0x20000000        0x0
 .igot.plt      0x00000000        0x0 C:/NXP/S32DS_ARM_v2.0/S32DS/arm_ewl2/lib/armv7e-m/__arm_start.o

.bss            0x20000000        0x4
                0x20000000                . = ALIGN (0x4)
                0x20000000                __BSS_START = .
                0x20000000                __bss_start__ = .
 *(.bss)
 *(.bss*)
 .bss.lpit0_ch0_flag_counter
                0x20000000        0x4 ./Sources/main.o
                0x20000000                lpit0_ch0_flag_counter
 *(COMMON)
                0x20000004                . = ALIGN (0x4)
                0x20000004                __bss_end__ = .
                0x20000004                __BSS_END = .

.heap           0x20000004      0x404
                0x20000008                . = ALIGN (0x8)
 *fill*         0x20000004        0x4 
                0x20000008                __end__ = .
                0x20000008                PROVIDE (end, .)
                0x20000008                PROVIDE (_end, .)
                0x20000008                PROVIDE (__end, .)
                0x20000008                __HeapBase = .
                0x20000408                . = (. + HEAP_SIZE)
 *fill*         0x20000008      0x400 
                0x20000408                __HeapLimit = .
                0x20000408                __heap_limit = .

.stack          0x20000408      0x400
                0x20000408                . = ALIGN (0x8)
                0x20000808                . = (. + STACK_SIZE)
 *fill*         0x20000408      0x400 
                0x20007000                __StackTop = (ORIGIN (m_data) + 0x7000)
                0x20006c00                __StackLimit = (__StackTop - STACK_SIZE)
                0x20007000                PROVIDE (__stack, __StackTop)

.ARM.attributes
                0x00000000       0x31
 *(.ARM.attributes)
 .ARM.attributes
                0x00000000       0x33 ./Sources/main.o
 .ARM.attributes
                0x00000033       0x33 ./SDK/platform/devices/startup.o
 .ARM.attributes
                0x00000066       0x33 ./SDK/platform/devices/S32K144/startup/system_S32K144.o
 .ARM.attributes
                0x00000099       0x1b ./Project_Settings/Startup_Code/startup_S32K144.o
 .ARM.attributes
                0x000000b4       0x33 ./Generated_Code/clocks.o
                0x00000001                ASSERT ((__StackLimit >= __HeapLimit), region m_data overflowed with stack and heap)

/DISCARD/
 *(.FlashConfig)
OUTPUT(window3.elf elf32-littlearm)

.debug_info     0x00000000     0x1164
 .debug_info    0x00000000      0x57f ./Sources/main.o
 .debug_info    0x0000057f      0x3eb ./SDK/platform/devices/startup.o
 .debug_info    0x0000096a      0x500 ./SDK/platform/devices/S32K144/startup/system_S32K144.o
 .debug_info    0x00000e6a       0x8a ./Project_Settings/Startup_Code/startup_S32K144.o
 .debug_info    0x00000ef4      0x270 ./Generated_Code/clocks.o

.debug_abbrev   0x00000000      0x3e7
 .debug_abbrev  0x00000000       0xf8 ./Sources/main.o
 .debug_abbrev  0x000000f8      0x101 ./SDK/platform/devices/startup.o
 .debug_abbrev  0x000001f9      0x118 ./SDK/platform/devices/S32K144/startup/system_S32K144.o
 .debug_abbrev  0x00000311       0x14 ./Project_Settings/Startup_Code/startup_S32K144.o
 .debug_abbrev  0x00000325       0xc2 ./Generated_Code/clocks.o

.debug_aranges  0x00000000       0xd8
 .debug_aranges
                0x00000000       0x38 ./Sources/main.o
 .debug_aranges
                0x00000038       0x20 ./SDK/platform/devices/startup.o
 .debug_aranges
                0x00000058       0x30 ./SDK/platform/devices/S32K144/startup/system_S32K144.o
 .debug_aranges
                0x00000088       0x20 ./Project_Settings/Startup_Code/startup_S32K144.o
 .debug_aranges
                0x000000a8       0x30 ./Generated_Code/clocks.o

.debug_ranges   0x00000000       0x78
 .debug_ranges  0x00000000       0x28 ./Sources/main.o
 .debug_ranges  0x00000028       0x10 ./SDK/platform/devices/startup.o
 .debug_ranges  0x00000038       0x20 ./SDK/platform/devices/S32K144/startup/system_S32K144.o
 .debug_ranges  0x00000058       0x20 ./Generated_Code/clocks.o

.debug_macro    0x00000000     0xfe77
 .debug_macro   0x00000000      0x198 ./Sources/main.o
 .debug_macro   0x00000198      0x868 ./Sources/main.o
 .debug_macro   0x00000a00       0x52 ./Sources/main.o
 .debug_macro   0x00000a52       0xa0 ./Sources/main.o
 .debug_macro   0x00000af2       0x16 ./Sources/main.o
 .debug_macro   0x00000b08       0x10 ./Sources/main.o
 .debug_macro   0x00000b18       0x6d ./Sources/main.o
 .debug_macro   0x00000b85       0x19 ./Sources/main.o
 .debug_macro   0x00000b9e       0x64 ./Sources/main.o
 .debug_macro   0x00000c02      0x185 ./Sources/main.o
 .debug_macro   0x00000d87      0x140 ./Sources/main.o
 .debug_macro   0x00000ec7       0x9d ./Sources/main.o
 .debug_macro   0x00000f64       0x10 ./Sources/main.o
 .debug_macro   0x00000f74      0x15b ./Sources/main.o
 .debug_macro   0x000010cf       0x28 ./Sources/main.o
 .debug_macro   0x000010f7       0x58 ./Sources/main.o
 .debug_macro   0x0000114f     0xdf8d ./Sources/main.o
 .debug_macro   0x0000f0dc      0x978 ./Sources/main.o
 .debug_macro   0x0000fa54       0x22 ./Sources/main.o
 .debug_macro   0x0000fa76       0x10 ./Sources/main.o
 .debug_macro   0x0000fa86       0x22 ./Sources/main.o
 .debug_macro   0x0000faa8       0x16 ./Sources/main.o
 .debug_macro   0x0000fabe       0x16 ./Sources/main.o
 .debug_macro   0x0000fad4       0x16 ./Sources/main.o
 .debug_macro   0x0000faea       0x16 ./Sources/main.o
 .debug_macro   0x0000fb00       0xeb ./SDK/platform/devices/startup.o
 .debug_macro   0x0000fbeb       0xea ./SDK/platform/devices/S32K144/startup/system_S32K144.o
 .debug_macro   0x0000fcd5      0x186 ./Generated_Code/clocks.o
 .debug_macro   0x0000fe5b       0x1c ./Generated_Code/clocks.o

.debug_line     0x00000000     0x1021
 .debug_line    0x00000000      0x569 ./Sources/main.o
 .debug_line    0x00000569      0x263 ./SDK/platform/devices/startup.o
 .debug_line    0x000007cc      0x32c ./SDK/platform/devices/S32K144/startup/system_S32K144.o
 .debug_line    0x00000af8       0x83 ./Project_Settings/Startup_Code/startup_S32K144.o
 .debug_line    0x00000b7b      0x4a6 ./Generated_Code/clocks.o

.debug_str      0x00000000    0x62a76
 .debug_str     0x00000000    0x62730 ./Sources/main.o
                              0x62a00 (size before relaxing)
 .debug_str     0x00062730      0x1a1 ./SDK/platform/devices/startup.o
                              0x6240f (size before relaxing)
 .debug_str     0x000628d1      0x156 ./SDK/platform/devices/S32K144/startup/system_S32K144.o
                              0x624e8 (size before relaxing)
 .debug_str     0x00062a27       0x4f ./Generated_Code/clocks.o
                              0x62638 (size before relaxing)

.comment        0x00000000       0x70
 .comment       0x00000000       0x70 ./Sources/main.o
                                 0x71 (size before relaxing)
 .comment       0x00000000       0x71 ./SDK/platform/devices/startup.o
 .comment       0x00000000       0x71 ./SDK/platform/devices/S32K144/startup/system_S32K144.o
 .comment       0x00000000       0x71 ./Generated_Code/clocks.o

.debug_frame    0x00000000      0x1b4
 .debug_frame   0x00000000       0x8c ./Sources/main.o
 .debug_frame   0x0000008c       0x38 ./SDK/platform/devices/startup.o
 .debug_frame   0x000000c4       0x80 ./SDK/platform/devices/S32K144/startup/system_S32K144.o
 .debug_frame   0x00000144       0x70 ./Generated_Code/clocks.o
